PhonebookEntry(name=John Citizen, number=0414557988)
PhonebookEntry(name=Danny O'Connell, number=null)
PhonebookEntry(name=Dr. William Vo, number=+61 (02) 8834 5647))
PhonebookEntry(name=Shanz Gate, number=38888#1))
PhonebookEntry(name=George W. Bush Junior, number=+61298002333)