PhonebookEntry(name=Prof. Joe Manuel, number=+61#(02)   9800-2333)
